// Jest Snapshot v1, https://goo.gl/fbAQLP

exports[`renders correctly 1`] = `
<div>
  <link
    crossorigin="anonymous"
    href="https://maxcdn.bootstrapcdn.com/bootstrap/4.5.0/css/bootstrap.min.css"
    integrity="sha384-9aIt2nRpC12Uk9gS9baDl411NQApFmC26EwAOH8WgZl5MYYxFfc+NcPb1dKGj7Sk"
    rel="stylesheet"
  />
  <h3
    className="center"
  >
    iTunes Search API:
  </h3>
  <div
    className="search-wrapper container-fluid"
  >
    <div
      className="justify-content-md-center row"
    >
      <div
        className="col-lg-1 col"
      >
        <div
          className="searchForm"
        >
          <form>
            <input
              onChange={[Function]}
              placeholder="Search for..."
            />
          </form>
        </div>
      </div>
      <div
        className="col-lg-1 col"
      >
        <div>
          <div
            className="dropdown-wrapper dropdown"
            onKeyDown={[Function]}
          >
            <button
              aria-expanded={false}
              aria-haspopup={true}
              className="dropdown-toggle btn btn-primary btn-sm"
              disabled={false}
              id="dropdown-basic"
              onClick={[Function]}
              type="button"
            >
              All
            </button>
          </div>
        </div>
      </div>
    </div>
    <div
      className="search-result-wrapper justify-content-md-center row"
    >
      <div
        className="col"
      >
        <div />
      </div>
      <div
        className="col-lg-4"
      >
        <div
          className="favorite"
        >
          <table
            className="table table-striped table-bordered table-hover"
          >
            <thead>
              <tr>
                <th>
                  Favorites
                </th>
              </tr>
            </thead>
            <tbody>
              <tr
                className="row-container"
              />
            </tbody>
          </table>
        </div>
      </div>
    </div>
  </div>
</div>
`;
